// Jest Snapshot v1, https://goo.gl/fbAQLP

exports[`BonsaiswapV3Factory #createPool gas 1`] = `4557092`;

exports[`BonsaiswapV3Factory factory bytecode size 1`] = `24535`;

exports[`BonsaiswapV3Factory pool bytecode size 1`] = `22142`;
