// Jest Snapshot v1, https://goo.gl/fbAQLP

exports[`BonsaiswapV3Pool gas tests fee is off #burn above current price burn entire position after some time passes 1`] = `58703`;

exports[`BonsaiswapV3Pool gas tests fee is off #burn above current price burn when only position using ticks 1`] = `58703`;

exports[`BonsaiswapV3Pool gas tests fee is off #burn above current price entire position burn but other positions are using the ticks 1`] = `82740`;

exports[`BonsaiswapV3Pool gas tests fee is off #burn above current price partial position burn 1`] = `97740`;

exports[`BonsaiswapV3Pool gas tests fee is off #burn around current price burn entire position after some time passes 1`] = `69498`;

exports[`BonsaiswapV3Pool gas tests fee is off #burn around current price burn when only position using ticks 1`] = `66309`;

exports[`BonsaiswapV3Pool gas tests fee is off #burn around current price entire position burn but other positions are using the ticks 1`] = `87551`;

exports[`BonsaiswapV3Pool gas tests fee is off #burn around current price partial position burn 1`] = `102551`;

exports[`BonsaiswapV3Pool gas tests fee is off #burn below current price burn entire position after some time passes 1`] = `64624`;

exports[`BonsaiswapV3Pool gas tests fee is off #burn below current price burn when only position using ticks 1`] = `64624`;

exports[`BonsaiswapV3Pool gas tests fee is off #burn below current price entire position burn but other positions are using the ticks 1`] = `83381`;

exports[`BonsaiswapV3Pool gas tests fee is off #burn below current price partial position burn 1`] = `98381`;

exports[`BonsaiswapV3Pool gas tests fee is off #collect close to worst case 1`] = `35816`;

exports[`BonsaiswapV3Pool gas tests fee is off #increaseObservationCardinalityNext grow by 1 slot 1`] = `51098`;

exports[`BonsaiswapV3Pool gas tests fee is off #increaseObservationCardinalityNext no op 1`] = `24677`;

exports[`BonsaiswapV3Pool gas tests fee is off #mint above current price add to position after some time passes 1`] = `109341`;

exports[`BonsaiswapV3Pool gas tests fee is off #mint above current price add to position existing 1`] = `109341`;

exports[`BonsaiswapV3Pool gas tests fee is off #mint above current price new position mint first in range 1`] = `228015`;

exports[`BonsaiswapV3Pool gas tests fee is off #mint above current price second position in same range 1`] = `126441`;

exports[`BonsaiswapV3Pool gas tests fee is off #mint around current price add to position after some time passes 1`] = `147708`;

exports[`BonsaiswapV3Pool gas tests fee is off #mint around current price add to position existing 1`] = `138529`;

exports[`BonsaiswapV3Pool gas tests fee is off #mint around current price new position mint first in range 1`] = `328838`;

exports[`BonsaiswapV3Pool gas tests fee is off #mint around current price second position in same range 1`] = `155629`;

exports[`BonsaiswapV3Pool gas tests fee is off #mint below current price add to position after some time passes 1`] = `109933`;

exports[`BonsaiswapV3Pool gas tests fee is off #mint below current price add to position existing 1`] = `109933`;

exports[`BonsaiswapV3Pool gas tests fee is off #mint below current price new position mint first in range 1`] = `309719`;

exports[`BonsaiswapV3Pool gas tests fee is off #mint below current price second position in same range 1`] = `127033`;

exports[`BonsaiswapV3Pool gas tests fee is off #poke best case 1`] = `52006`;

exports[`BonsaiswapV3Pool gas tests fee is off #snapshotCumulativesInside tick above 1`] = `29643`;

exports[`BonsaiswapV3Pool gas tests fee is off #snapshotCumulativesInside tick below 1`] = `29605`;

exports[`BonsaiswapV3Pool gas tests fee is off #snapshotCumulativesInside tick inside 1`] = `37053`;

exports[`BonsaiswapV3Pool gas tests fee is off #swapExact0For1 first swap in block moves tick, no initialized crossings 1`] = `114871`;

exports[`BonsaiswapV3Pool gas tests fee is off #swapExact0For1 first swap in block with no tick movement 1`] = `99017`;

exports[`BonsaiswapV3Pool gas tests fee is off #swapExact0For1 first swap in block, large swap crossing a single initialized tick 1`] = `129884`;

exports[`BonsaiswapV3Pool gas tests fee is off #swapExact0For1 first swap in block, large swap crossing several initialized ticks 1`] = `152719`;

exports[`BonsaiswapV3Pool gas tests fee is off #swapExact0For1 first swap in block, large swap, no initialized crossings 1`] = `129482`;

exports[`BonsaiswapV3Pool gas tests fee is off #swapExact0For1 large swap crossing several initialized ticks after some time passes 1`] = `152719`;

exports[`BonsaiswapV3Pool gas tests fee is off #swapExact0For1 large swap crossing several initialized ticks second time after some time passes 1`] = `212719`;

exports[`BonsaiswapV3Pool gas tests fee is off #swapExact0For1 second swap in block moves tick, no initialized crossings 1`] = `114871`;

exports[`BonsaiswapV3Pool gas tests fee is off #swapExact0For1 second swap in block with no tick movement 1`] = `99128`;

exports[`BonsaiswapV3Pool gas tests fee is off #swapExact0For1 second swap in block, large swap crossing a single initialized tick 1`] = `116467`;

exports[`BonsaiswapV3Pool gas tests fee is off #swapExact0For1 second swap in block, large swap crossing several initialized ticks 1`] = `139280`;

exports[`BonsaiswapV3Pool gas tests fee is on #burn above current price burn entire position after some time passes 1`] = `58703`;

exports[`BonsaiswapV3Pool gas tests fee is on #burn above current price burn when only position using ticks 1`] = `58703`;

exports[`BonsaiswapV3Pool gas tests fee is on #burn above current price entire position burn but other positions are using the ticks 1`] = `82740`;

exports[`BonsaiswapV3Pool gas tests fee is on #burn above current price partial position burn 1`] = `97740`;

exports[`BonsaiswapV3Pool gas tests fee is on #burn around current price burn entire position after some time passes 1`] = `69498`;

exports[`BonsaiswapV3Pool gas tests fee is on #burn around current price burn when only position using ticks 1`] = `66309`;

exports[`BonsaiswapV3Pool gas tests fee is on #burn around current price entire position burn but other positions are using the ticks 1`] = `87551`;

exports[`BonsaiswapV3Pool gas tests fee is on #burn around current price partial position burn 1`] = `102551`;

exports[`BonsaiswapV3Pool gas tests fee is on #burn below current price burn entire position after some time passes 1`] = `64624`;

exports[`BonsaiswapV3Pool gas tests fee is on #burn below current price burn when only position using ticks 1`] = `64624`;

exports[`BonsaiswapV3Pool gas tests fee is on #burn below current price entire position burn but other positions are using the ticks 1`] = `83381`;

exports[`BonsaiswapV3Pool gas tests fee is on #burn below current price partial position burn 1`] = `98381`;

exports[`BonsaiswapV3Pool gas tests fee is on #collect close to worst case 1`] = `35816`;

exports[`BonsaiswapV3Pool gas tests fee is on #increaseObservationCardinalityNext grow by 1 slot 1`] = `51098`;

exports[`BonsaiswapV3Pool gas tests fee is on #increaseObservationCardinalityNext no op 1`] = `24677`;

exports[`BonsaiswapV3Pool gas tests fee is on #mint above current price add to position after some time passes 1`] = `109329`;

exports[`BonsaiswapV3Pool gas tests fee is on #mint above current price add to position existing 1`] = `109329`;

exports[`BonsaiswapV3Pool gas tests fee is on #mint above current price new position mint first in range 1`] = `228003`;

exports[`BonsaiswapV3Pool gas tests fee is on #mint above current price second position in same range 1`] = `126429`;

exports[`BonsaiswapV3Pool gas tests fee is on #mint around current price add to position after some time passes 1`] = `147696`;

exports[`BonsaiswapV3Pool gas tests fee is on #mint around current price add to position existing 1`] = `138517`;

exports[`BonsaiswapV3Pool gas tests fee is on #mint around current price new position mint first in range 1`] = `328826`;

exports[`BonsaiswapV3Pool gas tests fee is on #mint around current price second position in same range 1`] = `155617`;

exports[`BonsaiswapV3Pool gas tests fee is on #mint below current price add to position after some time passes 1`] = `109921`;

exports[`BonsaiswapV3Pool gas tests fee is on #mint below current price add to position existing 1`] = `109921`;

exports[`BonsaiswapV3Pool gas tests fee is on #mint below current price new position mint first in range 1`] = `309707`;

exports[`BonsaiswapV3Pool gas tests fee is on #mint below current price second position in same range 1`] = `127021`;

exports[`BonsaiswapV3Pool gas tests fee is on #poke best case 1`] = `52006`;

exports[`BonsaiswapV3Pool gas tests fee is on #snapshotCumulativesInside tick above 1`] = `29643`;

exports[`BonsaiswapV3Pool gas tests fee is on #snapshotCumulativesInside tick below 1`] = `29605`;

exports[`BonsaiswapV3Pool gas tests fee is on #snapshotCumulativesInside tick inside 1`] = `37053`;

exports[`BonsaiswapV3Pool gas tests fee is on #swapExact0For1 first swap in block moves tick, no initialized crossings 1`] = `120246`;

exports[`BonsaiswapV3Pool gas tests fee is on #swapExact0For1 first swap in block with no tick movement 1`] = `104245`;

exports[`BonsaiswapV3Pool gas tests fee is on #swapExact0For1 first swap in block, large swap crossing a single initialized tick 1`] = `135406`;

exports[`BonsaiswapV3Pool gas tests fee is on #swapExact0For1 first swap in block, large swap crossing several initialized ticks 1`] = `158682`;

exports[`BonsaiswapV3Pool gas tests fee is on #swapExact0For1 first swap in block, large swap, no initialized crossings 1`] = `135151`;

exports[`BonsaiswapV3Pool gas tests fee is on #swapExact0For1 large swap crossing several initialized ticks after some time passes 1`] = `158682`;

exports[`BonsaiswapV3Pool gas tests fee is on #swapExact0For1 large swap crossing several initialized ticks second time after some time passes 1`] = `218682`;

exports[`BonsaiswapV3Pool gas tests fee is on #swapExact0For1 second swap in block moves tick, no initialized crossings 1`] = `120246`;

exports[`BonsaiswapV3Pool gas tests fee is on #swapExact0For1 second swap in block with no tick movement 1`] = `104356`;

exports[`BonsaiswapV3Pool gas tests fee is on #swapExact0For1 second swap in block, large swap crossing a single initialized tick 1`] = `121842`;

exports[`BonsaiswapV3Pool gas tests fee is on #swapExact0For1 second swap in block, large swap crossing several initialized ticks 1`] = `145096`;
